WARNING: This is a development server. Do not use it in a production deployment. Use a production WSGI server instead.
 * Running on http://127.0.0.1:5000
Press CTRL+C to quit
 * Restarting with stat
 * Debugger is active!
 * Debugger PIN: 121-442-996
 * Detected change in 'D:\\dashboard\\financial_dashboard\\app.py', reloading
 * Restarting with stat
 * Debugger is active!
 * Debugger PIN: 121-442-996
 * Detected change in 'D:\\dashboard\\financial_dashboard\\app.py', reloading
 * Restarting with stat
 * Debugger is active!
 * Debugger PIN: 121-442-996
 * Detected change in 'D:\\dashboard\\financial_dashboard\\app.py', reloading
 * Restarting with stat
 * Debugger is active!
 * Debugger PIN: 121-442-996
 * Detected change in 'D:\\dashboard\\financial_dashboard\\app.py', reloading
 * Restarting with stat
 * Debugger is active!
 * Debugger PIN: 121-442-996
 * Detected change in 'D:\\dashboard\\financial_dashboard\\app.py', reloading
 * Restarting with stat
 * Debugger is active!
 * Debugger PIN: 121-442-996
 * Detected change in 'D:\\dashboard\\financial_dashboard\\app.py', reloading
 * Restarting with stat
 * Debugger is active!
 * Debugger PIN: 121-442-996
 * Detected change in 'D:\\dashboard\\financial_dashboard\\app.py', reloading
 * Restarting with stat
 * Debugger is active!
 * Debugger PIN: 121-442-996
 * Detected change in 'D:\\dashboard\\financial_dashboard\\routes\\workspace_utils.py', reloading
 * Restarting with stat
 * Debugger is active!
 * Debugger PIN: 121-442-996
 * Detected change in 'D:\\dashboard\\financial_dashboard\\routes\\workspace_utils.py', reloading
 * Restarting with stat
 * Debugger is active!
 * Debugger PIN: 121-442-996
 * Detected change in 'D:\\dashboard\\financial_dashboard\\routes\\route_factory.py', reloading
 * Restarting with stat
 * Debugger is active!
 * Debugger PIN: 121-442-996
